// Jest Snapshot v1, https://goo.gl/fbAQLP

exports[`Action List CSS Utils getNumericColumnIndices 1`] = `
Array [
  0,
]
`;

exports[`Action List CSS Utils getPrimaryKeyColumnIndices 1`] = `
Array [
  0,
]
`;
